---
source: impl/src/lib.rs
expression: "derive_surreal_db_object(quote! {\n                struct RustStruct\n                { name : Option < String >, generics : RustGenerics, }\n            }).unwrap()"
---
TokenStream [
    Ident {
        sym: impl,
    },
    Ident {
        sym: Into,
    },
    Punct {
        char: '<',
        spacing: Alone,
    },
    Ident {
        sym: surrealdb_obj_derive,
    },
    Punct {
        char: ':',
        spacing: Joint,
    },
    Punct {
        char: ':',
        spacing: Alone,
    },
    Ident {
        sym: surrealdb,
    },
    Punct {
        char: ':',
        spacing: Joint,
    },
    Punct {
        char: ':',
        spacing: Alone,
    },
    Ident {
        sym: sql,
    },
    Punct {
        char: ':',
        spacing: Joint,
    },
    Punct {
        char: ':',
        spacing: Alone,
    },
    Ident {
        sym: Value,
    },
    Punct {
        char: '>',
        spacing: Alone,
    },
    Ident {
        sym: for,
    },
    Ident {
        sym: RustStruct,
    },
    Group {
        delimiter: Brace,
        stream: TokenStream [
            Ident {
                sym: fn,
            },
            Ident {
                sym: into,
            },
            Group {
                delimiter: Parenthesis,
                stream: TokenStream [
                    Ident {
                        sym: self,
                    },
                ],
            },
            Punct {
                char: '-',
                spacing: Joint,
            },
            Punct {
                char: '>',
                spacing: Alone,
            },
            Ident {
                sym: surrealdb_obj_derive,
            },
            Punct {
                char: ':',
                spacing: Joint,
            },
            Punct {
                char: ':',
                spacing: Alone,
            },
            Ident {
                sym: surrealdb,
            },
            Punct {
                char: ':',
                spacing: Joint,
            },
            Punct {
                char: ':',
                spacing: Alone,
            },
            Ident {
                sym: sql,
            },
            Punct {
                char: ':',
                spacing: Joint,
            },
            Punct {
                char: ':',
                spacing: Alone,
            },
            Ident {
                sym: Value,
            },
            Group {
                delimiter: Brace,
                stream: TokenStream [
                    Ident {
                        sym: surrealdb_obj_derive,
                    },
                    Punct {
                        char: ':',
                        spacing: Joint,
                    },
                    Punct {
                        char: ':',
                        spacing: Alone,
                    },
                    Ident {
                        sym: surrealdb,
                    },
                    Punct {
                        char: ':',
                        spacing: Joint,
                    },
                    Punct {
                        char: ':',
                        spacing: Alone,
                    },
                    Ident {
                        sym: sql,
                    },
                    Punct {
                        char: ':',
                        spacing: Joint,
                    },
                    Punct {
                        char: ':',
                        spacing: Alone,
                    },
                    Ident {
                        sym: Value,
                    },
                    Punct {
                        char: ':',
                        spacing: Joint,
                    },
                    Punct {
                        char: ':',
                        spacing: Alone,
                    },
                    Ident {
                        sym: Object,
                    },
                    Group {
                        delimiter: Parenthesis,
                        stream: TokenStream [
                            Ident {
                                sym: surrealdb_obj_derive,
                            },
                            Punct {
                                char: ':',
                                spacing: Joint,
                            },
                            Punct {
                                char: ':',
                                spacing: Alone,
                            },
                            Ident {
                                sym: surrealdb,
                            },
                            Punct {
                                char: ':',
                                spacing: Joint,
                            },
                            Punct {
                                char: ':',
                                spacing: Alone,
                            },
                            Ident {
                                sym: sql,
                            },
                            Punct {
                                char: ':',
                                spacing: Joint,
                            },
                            Punct {
                                char: ':',
                                spacing: Alone,
                            },
                            Ident {
                                sym: Object,
                            },
                            Group {
                                delimiter: Parenthesis,
                                stream: TokenStream [
                                    Ident {
                                        sym: std,
                                    },
                                    Punct {
                                        char: ':',
                                        spacing: Joint,
                                    },
                                    Punct {
                                        char: ':',
                                        spacing: Alone,
                                    },
                                    Ident {
                                        sym: collections,
                                    },
                                    Punct {
                                        char: ':',
                                        spacing: Joint,
                                    },
                                    Punct {
                                        char: ':',
                                        spacing: Alone,
                                    },
                                    Ident {
                                        sym: BTreeMap,
                                    },
                                    Punct {
                                        char: ':',
                                        spacing: Joint,
                                    },
                                    Punct {
                                        char: ':',
                                        spacing: Alone,
                                    },
                                    Ident {
                                        sym: from,
                                    },
                                    Group {
                                        delimiter: Parenthesis,
                                        stream: TokenStream [
                                            Group {
                                                delimiter: Bracket,
                                                stream: TokenStream [
                                                    Group {
                                                        delimiter: Parenthesis,
                                                        stream: TokenStream [
                                                            Ident {
                                                                sym: stringify,
                                                            },
                                                            Punct {
                                                                char: '!',
                                                                spacing: Alone,
                                                            },
                                                            Group {
                                                                delimiter: Parenthesis,
                                                                stream: TokenStream [
                                                                    Ident {
                                                                        sym: name,
                                                                    },
                                                                ],
                                                            },
                                                            Punct {
                                                                char: '.',
                                                                spacing: Alone,
                                                            },
                                                            Ident {
                                                                sym: into,
                                                            },
                                                            Group {
                                                                delimiter: Parenthesis,
                                                                stream: TokenStream [],
                                                            },
                                                            Punct {
                                                                char: ',',
                                                                spacing: Alone,
                                                            },
                                                            Ident {
                                                                sym: IntoValue,
                                                            },
                                                            Punct {
                                                                char: ':',
                                                                spacing: Joint,
                                                            },
                                                            Punct {
                                                                char: ':',
                                                                spacing: Alone,
                                                            },
                                                            Ident {
                                                                sym: into,
                                                            },
                                                            Group {
                                                                delimiter: Parenthesis,
                                                                stream: TokenStream [
                                                                    Ident {
                                                                        sym: self,
                                                                    },
                                                                    Punct {
                                                                        char: '.',
                                                                        spacing: Alone,
                                                                    },
                                                                    Ident {
                                                                        sym: name,
                                                                    },
                                                                ],
                                                            },
                                                        ],
                                                    },
                                                    Punct {
                                                        char: ',',
                                                        spacing: Alone,
                                                    },
                                                    Group {
                                                        delimiter: Parenthesis,
                                                        stream: TokenStream [
                                                            Ident {
                                                                sym: stringify,
                                                            },
                                                            Punct {
                                                                char: '!',
                                                                spacing: Alone,
                                                            },
                                                            Group {
                                                                delimiter: Parenthesis,
                                                                stream: TokenStream [
                                                                    Ident {
                                                                        sym: generics,
                                                                    },
                                                                ],
                                                            },
                                                            Punct {
                                                                char: '.',
                                                                spacing: Alone,
                                                            },
                                                            Ident {
                                                                sym: into,
                                                            },
                                                            Group {
                                                                delimiter: Parenthesis,
                                                                stream: TokenStream [],
                                                            },
                                                            Punct {
                                                                char: ',',
                                                                spacing: Alone,
                                                            },
                                                            Ident {
                                                                sym: self,
                                                            },
                                                            Punct {
                                                                char: '.',
                                                                spacing: Alone,
                                                            },
                                                            Ident {
                                                                sym: generics,
                                                            },
                                                            Punct {
                                                                char: '.',
                                                                spacing: Alone,
                                                            },
                                                            Ident {
                                                                sym: into,
                                                            },
                                                            Group {
                                                                delimiter: Parenthesis,
                                                                stream: TokenStream [],
                                                            },
                                                        ],
                                                    },
                                                ],
                                            },
                                        ],
                                    },
                                ],
                            },
                        ],
                    },
                ],
            },
        ],
    },
    Ident {
        sym: impl,
    },
    Ident {
        sym: CompressionWith,
    },
    Ident {
        sym: for,
    },
    Ident {
        sym: RustStruct,
    },
    Group {
        delimiter: Brace,
        stream: TokenStream [
            Ident {
                sym: fn,
            },
            Ident {
                sym: compression_with,
            },
            Group {
                delimiter: Parenthesis,
                stream: TokenStream [
                    Ident {
                        sym: value,
                    },
                    Punct {
                        char: ':',
                        spacing: Alone,
                    },
                    Ident {
                        sym: surrealdb_obj_derive,
                    },
                    Punct {
                        char: ':',
                        spacing: Joint,
                    },
                    Punct {
                        char: ':',
                        spacing: Alone,
                    },
                    Ident {
                        sym: surrealdb,
                    },
                    Punct {
                        char: ':',
                        spacing: Joint,
                    },
                    Punct {
                        char: ':',
                        spacing: Alone,
                    },
                    Ident {
                        sym: sql,
                    },
                    Punct {
                        char: ':',
                        spacing: Joint,
                    },
                    Punct {
                        char: ':',
                        spacing: Alone,
                    },
                    Ident {
                        sym: Value,
                    },
                ],
            },
            Punct {
                char: '-',
                spacing: Joint,
            },
            Punct {
                char: '>',
                spacing: Alone,
            },
            Ident {
                sym: Self,
            },
            Group {
                delimiter: Brace,
                stream: TokenStream [
                    Ident {
                        sym: deserialize,
                    },
                    Punct {
                        char: ':',
                        spacing: Joint,
                    },
                    Punct {
                        char: ':',
                        spacing: Alone,
                    },
                    Punct {
                        char: '<',
                        spacing: Alone,
                    },
                    Ident {
                        sym: RustStruct,
                    },
                    Punct {
                        char: '>',
                        spacing: Alone,
                    },
                    Group {
                        delimiter: Parenthesis,
                        stream: TokenStream [
                            Ident {
                                sym: serialize,
                            },
                            Group {
                                delimiter: Parenthesis,
                                stream: TokenStream [
                                    Ident {
                                        sym: value,
                                    },
                                ],
                            },
                        ],
                    },
                ],
            },
        ],
    },
    Ident {
        sym: impl,
    },
    Ident {
        sym: core,
    },
    Punct {
        char: ':',
        spacing: Joint,
    },
    Punct {
        char: ':',
        spacing: Alone,
    },
    Ident {
        sym: fmt,
    },
    Punct {
        char: ':',
        spacing: Joint,
    },
    Punct {
        char: ':',
        spacing: Alone,
    },
    Ident {
        sym: Display,
    },
    Ident {
        sym: for,
    },
    Ident {
        sym: RustStruct,
    },
    Group {
        delimiter: Brace,
        stream: TokenStream [
            Ident {
                sym: fn,
            },
            Ident {
                sym: fmt,
            },
            Group {
                delimiter: Parenthesis,
                stream: TokenStream [
                    Punct {
                        char: '&',
                        spacing: Alone,
                    },
                    Ident {
                        sym: self,
                    },
                    Punct {
                        char: ',',
                        spacing: Alone,
                    },
                    Ident {
                        sym: f,
                    },
                    Punct {
                        char: ':',
                        spacing: Alone,
                    },
                    Punct {
                        char: '&',
                        spacing: Alone,
                    },
                    Ident {
                        sym: mut,
                    },
                    Ident {
                        sym: core,
                    },
                    Punct {
                        char: ':',
                        spacing: Joint,
                    },
                    Punct {
                        char: ':',
                        spacing: Alone,
                    },
                    Ident {
                        sym: fmt,
                    },
                    Punct {
                        char: ':',
                        spacing: Joint,
                    },
                    Punct {
                        char: ':',
                        spacing: Alone,
                    },
                    Ident {
                        sym: Formatter,
                    },
                    Punct {
                        char: '<',
                        spacing: Alone,
                    },
                    Punct {
                        char: '\'',
                        spacing: Joint,
                    },
                    Ident {
                        sym: _,
                    },
                    Punct {
                        char: '>',
                        spacing: Alone,
                    },
                ],
            },
            Punct {
                char: '-',
                spacing: Joint,
            },
            Punct {
                char: '>',
                spacing: Alone,
            },
            Ident {
                sym: core,
            },
            Punct {
                char: ':',
                spacing: Joint,
            },
            Punct {
                char: ':',
                spacing: Alone,
            },
            Ident {
                sym: fmt,
            },
            Punct {
                char: ':',
                spacing: Joint,
            },
            Punct {
                char: ':',
                spacing: Alone,
            },
            Ident {
                sym: Result,
            },
            Group {
                delimiter: Brace,
                stream: TokenStream [
                    Ident {
                        sym: write,
                    },
                    Punct {
                        char: '!',
                        spacing: Alone,
                    },
                    Group {
                        delimiter: Parenthesis,
                        stream: TokenStream [
                            Ident {
                                sym: f,
                            },
                            Punct {
                                char: ',',
                                spacing: Alone,
                            },
                            Literal {
                                lit: "{}",
                            },
                            Punct {
                                char: ',',
                                spacing: Alone,
                            },
                            Ident {
                                sym: Into,
                            },
                            Punct {
                                char: ':',
                                spacing: Joint,
                            },
                            Punct {
                                char: ':',
                                spacing: Alone,
                            },
                            Punct {
                                char: '<',
                                spacing: Alone,
                            },
                            Ident {
                                sym: Value,
                            },
                            Punct {
                                char: '>',
                                spacing: Alone,
                            },
                            Punct {
                                char: ':',
                                spacing: Joint,
                            },
                            Punct {
                                char: ':',
                                spacing: Alone,
                            },
                            Ident {
                                sym: into,
                            },
                            Group {
                                delimiter: Parenthesis,
                                stream: TokenStream [
                                    Ident {
                                        sym: self,
                                    },
                                    Punct {
                                        char: '.',
                                        spacing: Alone,
                                    },
                                    Ident {
                                        sym: clone,
                                    },
                                    Group {
                                        delimiter: Parenthesis,
                                        stream: TokenStream [],
                                    },
                                ],
                            },
                        ],
                    },
                ],
            },
        ],
    },
]
